// Jest Snapshot v1, https://goo.gl/fbAQLP

exports[`class Category extends _react.Component {
  render() {
    return (
      _react2.default.createElement('li', { className: 'category', __source: { fileName: _jsxFileName, lineNumber: 7 }, __self: this }, this.props.name));

  }} matches the component snapshot 1`] = `
<li
  className="category"
>
  Desserts
</li>
`;
